// Jest Snapshot v1, https://goo.gl/fbAQLP

exports[`common/Card renders a Card component 1`] = `"<div><div class=\\"container\\"><header class=\\"mainheader\\">placeholder</header><section></section></div></div>"`;

exports[`common/Card renders a Card component without title 1`] = `"<div><div class=\\"container\\"><header class=\\"mainheader\\"></header><section></section></div></div>"`;
